// Jest Snapshot v1, https://goo.gl/fbAQLP

exports[`Dropdown should match snapshot. 1`] = `
<label
  className="block mt-4"
>
  <span
    className="text-gray-700"
  >
    testlabel
  </span>
  <select
    className="form-select mt-1 block w-full"
    id=""
    name="select"
    onChange={[Function]}
  >
    <option
      value="a"
    >
      a
    </option>
    <option
      value="b"
    >
      b
    </option>
    <option
      value="c"
    >
      c
    </option>
  </select>
</label>
`;
